// Jest Snapshot v1, https://goo.gl/fbAQLP

exports[`ListsOverview snapshot matches 1`] = `
<section
  className="todo-list"
>
  <header>
    <h2>
      test list name
    </h2>
    <p>
      1 task remaining
    </p>
  </header>
  <main>
    <div
      className="todos"
    >
      <div
        className="todo"
        key="42"
      >
        <input
          checked={false}
          id="42"
          onChange={[Function]}
          type="checkbox"
        />
        <label
          htmlFor="42"
        >
          <span
            className="custom-checkbox"
          />
          hello world
        </label>
      </div>
    </div>
    <AddInput
      lable="new task name"
      onAdd={[Function]}
    />
  </main>
  <footer>
    <button
      onClick={[Function]}
    >
      Clear completed tasks
    </button>
    <button
      onClick={[Function]}
    >
      Delete list
    </button>
  </footer>
</section>
`;
